// Jest Snapshot v1, https://goo.gl/fbAQLP

exports[`Header Mapping Screen Should match snapshots 1`] = `
<div>
  <div
    class="w-full h-full flex flex-col items-center gap-y-4"
  >
    <h1
      class="text-2xl"
    >
      Header Mapping
    </h1>
    <div
      class="flex-grow h-full w-full overflow-auto"
    >
      <div
        class="flex w-2/3 mx-auto flex-col gap-y-4"
      >
        <div
          class="flex justify-between items-center gap-x-4"
        >
          <h3>
            Type
          </h3>
          <button
            aria-autocomplete="none"
            aria-controls="radix-:r0:"
            aria-expanded="false"
            class="flex h-9 items-center justify-between whitespace-nowrap rounded-md border border-input bg-transparent px-3 py-2 text-sm shadow-sm ring-offset-background placeholder:text-muted-foreground focus:outline-none focus:ring-1 focus:ring-ring disabled:cursor-not-allowed disabled:opacity-50 [&>span]:line-clamp-1 w-[180px]"
            data-placeholder=""
            data-state="closed"
            dir="ltr"
            role="combobox"
            type="button"
          >
            <span
              style="pointer-events: none;"
            >
              Add Mapping
            </span>
            <svg
              aria-hidden="true"
              class="lucide lucide-chevron-down h-4 w-4 opacity-50"
              fill="none"
              height="24"
              stroke="currentColor"
              stroke-linecap="round"
              stroke-linejoin="round"
              stroke-width="2"
              viewBox="0 0 24 24"
              width="24"
              xmlns="http://www.w3.org/2000/svg"
            >
              <path
                d="m6 9 6 6 6-6"
              />
            </svg>
          </button>
        </div>
        <div
          class="flex justify-between items-center gap-x-4"
        >
          <h3>
            Product
          </h3>
          <button
            aria-autocomplete="none"
            aria-controls="radix-:r1:"
            aria-expanded="false"
            class="flex h-9 items-center justify-between whitespace-nowrap rounded-md border border-input bg-transparent px-3 py-2 text-sm shadow-sm ring-offset-background placeholder:text-muted-foreground focus:outline-none focus:ring-1 focus:ring-ring disabled:cursor-not-allowed disabled:opacity-50 [&>span]:line-clamp-1 w-[180px]"
            data-placeholder=""
            data-state="closed"
            dir="ltr"
            role="combobox"
            type="button"
          >
            <span
              style="pointer-events: none;"
            >
              Add Mapping
            </span>
            <svg
              aria-hidden="true"
              class="lucide lucide-chevron-down h-4 w-4 opacity-50"
              fill="none"
              height="24"
              stroke="currentColor"
              stroke-linecap="round"
              stroke-linejoin="round"
              stroke-width="2"
              viewBox="0 0 24 24"
              width="24"
              xmlns="http://www.w3.org/2000/svg"
            >
              <path
                d="m6 9 6 6 6-6"
              />
            </svg>
          </button>
        </div>
        <div
          class="flex justify-between items-center gap-x-4"
        >
          <h3>
            Started Date
          </h3>
          <button
            aria-autocomplete="none"
            aria-controls="radix-:r2:"
            aria-expanded="false"
            class="flex h-9 items-center justify-between whitespace-nowrap rounded-md border border-input bg-transparent px-3 py-2 text-sm shadow-sm ring-offset-background placeholder:text-muted-foreground focus:outline-none focus:ring-1 focus:ring-ring disabled:cursor-not-allowed disabled:opacity-50 [&>span]:line-clamp-1 w-[180px]"
            data-placeholder=""
            data-state="closed"
            dir="ltr"
            role="combobox"
            type="button"
          >
            <span
              style="pointer-events: none;"
            >
              Add Mapping
            </span>
            <svg
              aria-hidden="true"
              class="lucide lucide-chevron-down h-4 w-4 opacity-50"
              fill="none"
              height="24"
              stroke="currentColor"
              stroke-linecap="round"
              stroke-linejoin="round"
              stroke-width="2"
              viewBox="0 0 24 24"
              width="24"
              xmlns="http://www.w3.org/2000/svg"
            >
              <path
                d="m6 9 6 6 6-6"
              />
            </svg>
          </button>
        </div>
        <div
          class="flex justify-between items-center gap-x-4"
        >
          <h3>
            Completed Date
          </h3>
          <button
            aria-autocomplete="none"
            aria-controls="radix-:r3:"
            aria-expanded="false"
            class="flex h-9 items-center justify-between whitespace-nowrap rounded-md border border-input bg-transparent px-3 py-2 text-sm shadow-sm ring-offset-background placeholder:text-muted-foreground focus:outline-none focus:ring-1 focus:ring-ring disabled:cursor-not-allowed disabled:opacity-50 [&>span]:line-clamp-1 w-[180px]"
            data-placeholder=""
            data-state="closed"
            dir="ltr"
            role="combobox"
            type="button"
          >
            <span
              style="pointer-events: none;"
            >
              Add Mapping
            </span>
            <svg
              aria-hidden="true"
              class="lucide lucide-chevron-down h-4 w-4 opacity-50"
              fill="none"
              height="24"
              stroke="currentColor"
              stroke-linecap="round"
              stroke-linejoin="round"
              stroke-width="2"
              viewBox="0 0 24 24"
              width="24"
              xmlns="http://www.w3.org/2000/svg"
            >
              <path
                d="m6 9 6 6 6-6"
              />
            </svg>
          </button>
        </div>
        <div
          class="flex justify-between items-center gap-x-4"
        >
          <h3>
            Description
          </h3>
          <button
            aria-autocomplete="none"
            aria-controls="radix-:r4:"
            aria-expanded="false"
            class="flex h-9 items-center justify-between whitespace-nowrap rounded-md border border-input bg-transparent px-3 py-2 text-sm shadow-sm ring-offset-background placeholder:text-muted-foreground focus:outline-none focus:ring-1 focus:ring-ring disabled:cursor-not-allowed disabled:opacity-50 [&>span]:line-clamp-1 w-[180px]"
            data-placeholder=""
            data-state="closed"
            dir="ltr"
            role="combobox"
            type="button"
          >
            <span
              style="pointer-events: none;"
            >
              Add Mapping
            </span>
            <svg
              aria-hidden="true"
              class="lucide lucide-chevron-down h-4 w-4 opacity-50"
              fill="none"
              height="24"
              stroke="currentColor"
              stroke-linecap="round"
              stroke-linejoin="round"
              stroke-width="2"
              viewBox="0 0 24 24"
              width="24"
              xmlns="http://www.w3.org/2000/svg"
            >
              <path
                d="m6 9 6 6 6-6"
              />
            </svg>
          </button>
        </div>
        <div
          class="flex justify-between items-center gap-x-4"
        >
          <h3>
            Amount
          </h3>
          <button
            aria-autocomplete="none"
            aria-controls="radix-:r5:"
            aria-expanded="false"
            class="flex h-9 items-center justify-between whitespace-nowrap rounded-md border border-input bg-transparent px-3 py-2 text-sm shadow-sm ring-offset-background placeholder:text-muted-foreground focus:outline-none focus:ring-1 focus:ring-ring disabled:cursor-not-allowed disabled:opacity-50 [&>span]:line-clamp-1 w-[180px]"
            data-placeholder=""
            data-state="closed"
            dir="ltr"
            role="combobox"
            type="button"
          >
            <span
              style="pointer-events: none;"
            >
              Add Mapping
            </span>
            <svg
              aria-hidden="true"
              class="lucide lucide-chevron-down h-4 w-4 opacity-50"
              fill="none"
              height="24"
              stroke="currentColor"
              stroke-linecap="round"
              stroke-linejoin="round"
              stroke-width="2"
              viewBox="0 0 24 24"
              width="24"
              xmlns="http://www.w3.org/2000/svg"
            >
              <path
                d="m6 9 6 6 6-6"
              />
            </svg>
          </button>
        </div>
        <div
          class="flex justify-between items-center gap-x-4"
        >
          <h3>
            Fee
          </h3>
          <button
            aria-autocomplete="none"
            aria-controls="radix-:r6:"
            aria-expanded="false"
            class="flex h-9 items-center justify-between whitespace-nowrap rounded-md border border-input bg-transparent px-3 py-2 text-sm shadow-sm ring-offset-background placeholder:text-muted-foreground focus:outline-none focus:ring-1 focus:ring-ring disabled:cursor-not-allowed disabled:opacity-50 [&>span]:line-clamp-1 w-[180px]"
            data-placeholder=""
            data-state="closed"
            dir="ltr"
            role="combobox"
            type="button"
          >
            <span
              style="pointer-events: none;"
            >
              Add Mapping
            </span>
            <svg
              aria-hidden="true"
              class="lucide lucide-chevron-down h-4 w-4 opacity-50"
              fill="none"
              height="24"
              stroke="currentColor"
              stroke-linecap="round"
              stroke-linejoin="round"
              stroke-width="2"
              viewBox="0 0 24 24"
              width="24"
              xmlns="http://www.w3.org/2000/svg"
            >
              <path
                d="m6 9 6 6 6-6"
              />
            </svg>
          </button>
        </div>
        <div
          class="flex justify-between items-center gap-x-4"
        >
          <h3>
            Currency
          </h3>
          <button
            aria-autocomplete="none"
            aria-controls="radix-:r7:"
            aria-expanded="false"
            class="flex h-9 items-center justify-between whitespace-nowrap rounded-md border border-input bg-transparent px-3 py-2 text-sm shadow-sm ring-offset-background placeholder:text-muted-foreground focus:outline-none focus:ring-1 focus:ring-ring disabled:cursor-not-allowed disabled:opacity-50 [&>span]:line-clamp-1 w-[180px]"
            data-placeholder=""
            data-state="closed"
            dir="ltr"
            role="combobox"
            type="button"
          >
            <span
              style="pointer-events: none;"
            >
              Add Mapping
            </span>
            <svg
              aria-hidden="true"
              class="lucide lucide-chevron-down h-4 w-4 opacity-50"
              fill="none"
              height="24"
              stroke="currentColor"
              stroke-linecap="round"
              stroke-linejoin="round"
              stroke-width="2"
              viewBox="0 0 24 24"
              width="24"
              xmlns="http://www.w3.org/2000/svg"
            >
              <path
                d="m6 9 6 6 6-6"
              />
            </svg>
          </button>
        </div>
        <div
          class="flex justify-between items-center gap-x-4"
        >
          <h3>
            State
          </h3>
          <button
            aria-autocomplete="none"
            aria-controls="radix-:r8:"
            aria-expanded="false"
            class="flex h-9 items-center justify-between whitespace-nowrap rounded-md border border-input bg-transparent px-3 py-2 text-sm shadow-sm ring-offset-background placeholder:text-muted-foreground focus:outline-none focus:ring-1 focus:ring-ring disabled:cursor-not-allowed disabled:opacity-50 [&>span]:line-clamp-1 w-[180px]"
            data-placeholder=""
            data-state="closed"
            dir="ltr"
            role="combobox"
            type="button"
          >
            <span
              style="pointer-events: none;"
            >
              Add Mapping
            </span>
            <svg
              aria-hidden="true"
              class="lucide lucide-chevron-down h-4 w-4 opacity-50"
              fill="none"
              height="24"
              stroke="currentColor"
              stroke-linecap="round"
              stroke-linejoin="round"
              stroke-width="2"
              viewBox="0 0 24 24"
              width="24"
              xmlns="http://www.w3.org/2000/svg"
            >
              <path
                d="m6 9 6 6 6-6"
              />
            </svg>
          </button>
        </div>
        <div
          class="flex justify-between items-center gap-x-4"
        >
          <h3>
            Balance
          </h3>
          <button
            aria-autocomplete="none"
            aria-controls="radix-:r9:"
            aria-expanded="false"
            class="flex h-9 items-center justify-between whitespace-nowrap rounded-md border border-input bg-transparent px-3 py-2 text-sm shadow-sm ring-offset-background placeholder:text-muted-foreground focus:outline-none focus:ring-1 focus:ring-ring disabled:cursor-not-allowed disabled:opacity-50 [&>span]:line-clamp-1 w-[180px]"
            data-placeholder=""
            data-state="closed"
            dir="ltr"
            role="combobox"
            type="button"
          >
            <span
              style="pointer-events: none;"
            >
              Add Mapping
            </span>
            <svg
              aria-hidden="true"
              class="lucide lucide-chevron-down h-4 w-4 opacity-50"
              fill="none"
              height="24"
              stroke="currentColor"
              stroke-linecap="round"
              stroke-linejoin="round"
              stroke-width="2"
              viewBox="0 0 24 24"
              width="24"
              xmlns="http://www.w3.org/2000/svg"
            >
              <path
                d="m6 9 6 6 6-6"
              />
            </svg>
          </button>
        </div>
      </div>
    </div>
    <div
      class="w-full"
    >
      <button
        class="inline-flex items-center justify-center gap-2 whitespace-nowrap rounded-md text-sm font-medium transition-colors focus-visible:outline-none focus-visible:ring-1 focus-visible:ring-ring disabled:pointer-events-none disabled:opacity-50 [&_svg]:pointer-events-none [&_svg]:size-4 [&_svg]:shrink-0 bg-primary text-primary-foreground shadow hover:bg-primary/90 h-9 px-4 py-2"
        style="float: left;"
      >
        Previous
      </button>
      <button
        class="inline-flex items-center justify-center gap-2 whitespace-nowrap rounded-md text-sm font-medium transition-colors focus-visible:outline-none focus-visible:ring-1 focus-visible:ring-ring disabled:pointer-events-none disabled:opacity-50 [&_svg]:pointer-events-none [&_svg]:size-4 [&_svg]:shrink-0 bg-primary text-primary-foreground shadow hover:bg-primary/90 h-9 px-4 py-2"
        disabled=""
        style="float: right;"
      >
        Next
      </button>
    </div>
  </div>
</div>
`;
