// Jest Snapshot v1, https://goo.gl/fbAQLP

exports[`Page Layout Should match the snapshot 1`] = `
<div>
  <div
    class="w-full h-full flex flex-col items-center gap-y-4"
  >
    <h1
      class="text-2xl"
    >
      Test Title
    </h1>
    <div
      class="flex-grow h-full w-full overflow-auto"
    >
      <span>
        Test Content
      </span>
    </div>
    <div
      class="w-full"
    >
      <button
        class="inline-flex items-center justify-center gap-2 whitespace-nowrap rounded-md text-sm font-medium transition-colors focus-visible:outline-none focus-visible:ring-1 focus-visible:ring-ring disabled:pointer-events-none disabled:opacity-50 [&_svg]:pointer-events-none [&_svg]:size-4 [&_svg]:shrink-0 bg-primary text-primary-foreground shadow hover:bg-primary/90 h-9 px-4 py-2"
        style="float: left;"
      >
        Previous Label
      </button>
      <button
        class="inline-flex items-center justify-center gap-2 whitespace-nowrap rounded-md text-sm font-medium transition-colors focus-visible:outline-none focus-visible:ring-1 focus-visible:ring-ring disabled:pointer-events-none disabled:opacity-50 [&_svg]:pointer-events-none [&_svg]:size-4 [&_svg]:shrink-0 bg-primary text-primary-foreground shadow hover:bg-primary/90 h-9 px-4 py-2"
        style="float: right;"
      >
        Next Label
      </button>
    </div>
  </div>
</div>
`;
